[dogezillacoin.com/index.html]
[dogezillacoin.com/xmlrpc.php]
[backblue.gif]
[fade.gif]
[index.html]
[d77d94.a2cdn1.secureserver.net/wp-includes/css/classic-themes.min0f8e.css]
[d77d94.a2cdn1.secureserver.net/wp-content/themes/Divi/includes/builder/styles/images/preloader.gif]
[dogezillacoin.com/comments/feed/index.html]
[d77d94.a2cdn1.secureserver.net/wp-content/et-cache/2767/et-divi-dynamic-2767-latee181.css]
[d77d94.a2cdn1.secureserver.net/wp-content/et-cache/2767/et-divi-dynamic-2767e181.css]
[dogezillacoin.com/wp-json/wp/v2/pages/2767.json]
[dogezillacoin.com/feed/index.html]
[dogezillacoin.com/wp-json/index.html]
[dogezillacoin.com/xmlrpc0db0.php]
[dogezillacoin.com/wp-json/oembed/1.0/embed94e3.json]
[dogezillacoin.com/wp-json/oembed/1.0/embed6dac]
[d77d94.a2cdn1.secureserver.net/wp-content/uploads/2021/12/favicon-32x32-1.png]
[d77d94.a2cdn1.secureserver.net/wp-content/et-cache/2767/et-core-unified-deferred-2767.min5a8c.css]
[d77d94.a2cdn1.secureserver.net/wp-content/themes/Divi/images/logo.png]
[d77d94.a2cdn1.secureserver.net/wp-content/uploads/2021/12/gaming-04.jpg]
[d77d94.a2cdn1.secureserver.net/wp-content/uploads/2021/12/DogeZilla_MERCH-640x503.png]
[d77d94.a2cdn1.secureserver.net/wp-content/uploads/2021/08/DogeZilla-02-01-2-640x561.png]
[d77d94.a2cdn1.secureserver.net/wp-content/uploads/2021/12/gaming-10.jpg]
[d77d94.a2cdn1.secureserver.net/wp-content/uploads/2021/12/gaming-09.jpg]
[d77d94.a2cdn1.secureserver.net/wp-content/uploads/2021/12/VAULT-2.png]
[d77d94.a2cdn1.secureserver.net/wp-content/uploads/2021/12/gaming-11.jpg]
[d77d94.a2cdn1.secureserver.net/wp-content/uploads/2021/12/gaming-15.jpg]
[d77d94.a2cdn1.secureserver.net/wp-content/uploads/2021/12/gaming-18.jpg]
[d77d94.a2cdn1.secureserver.net/wp-content/uploads/2021/12/Screen-Shot-2021-12-06-at-12.01.03-AM-640x915.png]
[d77d94.a2cdn1.secureserver.net/wp-content/uploads/2021/12/gaming-icon-05.png]
[d77d94.a2cdn1.secureserver.net/wp-content/uploads/2021/12/gaming-icon-02.png]
[d77d94.a2cdn1.secureserver.net/wp-content/uploads/2021/12/gaming-icon-11.png]
[d77d94.a2cdn1.secureserver.net/wp-content/uploads/2021/12/gaming-icon-17.png]
[d77d94.a2cdn1.secureserver.net/wp-content/uploads/2021/12/gaming-icon-13.png]
[d77d94.a2cdn1.secureserver.net/wp-content/uploads/2021/12/gaming-icon-10.png]
[d77d94.a2cdn1.secureserver.net/wp-content/uploads/2021/12/yahoo-news-logo-640x235.png]
[d77d94.a2cdn1.secureserver.net/wp-content/uploads/2021/12/Digital-Journal-Logo-640x96.png]
[d77d94.a2cdn1.secureserver.net/wp-content/uploads/2021/12/Benzinga_Logo_web-03-640x90.png]
[d77d94.a2cdn1.secureserver.net/wp-includes/css/dist/block-library/style.min0c36.css]
[d77d94.a2cdn1.secureserver.net/wp-includes/js/jquery/jquery.mina982.js]
[d77d94.a2cdn1.secureserver.net/wp-includes/js/jquery/jquery-migrate.min2ef1.js]
[d77d94.a2cdn1.secureserver.net/wp-content/themes/Divi/js/scripts.min4637.js]
[d77d94.a2cdn1.secureserver.net/wp-content/themes/Divi/includes/builder/feature/dynamic-assets/assets/js/jquery.fitvids4637.js]
[d77d94.a2cdn1.secureserver.net/wp-content/themes/Divi/core/admin/js/common4637.js]
[dogezillacoin.com/index.html]
[dogezillacoin.com/xmlrpc.php]
[d77d94.a2cdn1.secureserver.net/wp-includes/css/classic-themes.min0f8e.css]
[dogezillacoin.com/wp-content/themes/Divi/core/admin/fonts/modules/all/modules.eot]
[d77d94.a2cdn1.secureserver.net/wp-content/et-cache/2767/et-divi-dynamic-2767-latee181.css]
[dogezillacoin.com/wp-content/themes/Divi/includes/builder/styles/images/subscribe-loader.gif]
[d77d94.a2cdn1.secureserver.net/wp-content/et-cache/2767/et-divi-dynamic-2767e181.css]
[dogezillacoin.com/wp-content/uploads/2021/12/gaming-02.png]
[d77d94.a2cdn1.secureserver.net/wp-content/et-cache/2767/et-core-unified-deferred-2767.min5a8c.css]
[d77d94.a2cdn1.secureserver.net/wp-includes/css/dist/block-library/style.min0c36.css]
